langfuse-worker-1      | 2026-07-01T14:19:36.789Z info 	[Connection] Log level is set to INFO
infinity-1             | [14:19:42.685] [246] [info] Optimize all indexes begin ts: 7011
spider-local-1         | INFO:     127.0.0.1:55110 - "GET /health HTTP/1.1" 200 OK
paddleocr-1            | INFO:     127.0.0.1:55112 - "GET /health HTTP/1.1" 503 Service Unavailable
rag-mcp-1              | INFO:     127.0.0.1:55118 - "GET /health HTTP/1.1" 200 OK
tailscale-1            | 2026/07/01 14:19:48 localapi: [POST] /localapi/v0/debug
infinity-1             | [14:19:52.686] [246] [info] Optimize all indexes begin ts: 7011
spider-local-1         | INFO:     127.0.0.1:48590 - "GET /health HTTP/1.1" 200 OK
paddleocr-1            | INFO:     127.0.0.1:48600 - "GET /health HTTP/1.1" 503 Service Unavailable
rag-mcp-1              | INFO:     127.0.0.1:48610 - "GET /health HTTP/1.1" 200 OK
langfuse-worker-1      | 2026-07-01T14:20:00.099Z info 	Executing Blob Storage Integration Job
langfuse-worker-1      | 2026-07-01T14:20:00.119Z info 	No blob storage integrations ready for sync
infinity-1             | [14:20:02.687] [248] [info] Trigger periodic checkpoint, after 30 seconds
infinity-1             | [14:20:02.687] [244] [info] checkpoint ts: 7011, txn: 76444
infinity-1             | [14:20:02.687] [244] [info] Last checkpoint ts 7009, this checkpoint begin ts: 7011, SKIP CHECKPOINT
infinity-1             | [14:20:02.687] [246] [info] Optimize all indexes begin ts: 7011
infinity-1             | [14:20:02.687] [244] [info] Cleaning ts < 7009 dropped entities...
infinity-1             | [14:20:02.687] [245] [info] Compact begin ts: 7011
infinity-1             | [14:20:02.687] [245] [info] Compact begin ts: 7013
infinity-1             | [14:20:02.687] [245] [info] Compact begin ts: 7013
infinity-1             | [14:20:02.687] [245] [info] Compact begin ts: 7013
gatus-1                | 2026/07/01 16:20:03 [watchdog.executeEndpoint] Monitored group=nuc25 — RAG Core; endpoint=RAGFlow; key=nuc25-—-rag-core_ragflow; success=true; errors=0; duration=2ms
gatus-1                | 2026/07/01 16:20:03 [watchdog.executeEndpoint] Monitored group=nuc25 — RAG Core; endpoint=Infinity (vector DB); key=nuc25-—-rag-core_infinity-(vector-db); success=true; errors=0; duration=2ms
gatus-1                | 2026/07/01 16:20:03 [watchdog.executeEndpoint] Monitored group=nuc25 — RAG Core; endpoint=MySQL; key=nuc25-—-rag-core_mysql; success=true; errors=0; duration=1ms
tailscale-1            | 2026/07/01 14:20:03 localapi: [POST] /localapi/v0/debug
gatus-1                | 2026/07/01 16:20:03 [watchdog.executeEndpoint] Monitored group=nuc25 — RAG Core; endpoint=MinIO (RAGFlow); key=nuc25-—-rag-core_minio-(ragflow); success=true; errors=0; duration=6ms
spider-local-1         | INFO:     127.0.0.1:50912 - "GET /health HTTP/1.1" 200 OK
gatus-1                | 2026/07/01 16:20:04 [watchdog.executeEndpoint] Monitored group=nuc25 — RAG Core; endpoint=Redis (RAGFlow); key=nuc25-—-rag-core_redis-(ragflow); success=true; errors=0; duration=1ms
paddleocr-1            | INFO:     127.0.0.1:50916 - "GET /health HTTP/1.1" 503 Service Unavailable
gatus-1                | 2026/07/01 16:20:04 [watchdog.executeEndpoint] Monitored group=nuc25 — Web Tools; endpoint=SearXNG; key=nuc25-—-web-tools_searxng; success=true; errors=0; duration=5ms
spider-local-1         | INFO:     172.20.0.5:57718 - "GET /health HTTP/1.1" 200 OK
gatus-1                | 2026/07/01 16:20:04 [watchdog.executeEndpoint] Monitored group=nuc25 — Web Tools; endpoint=Spider Local; key=nuc25-—-web-tools_spider-local; success=true; errors=0; duration=1ms
rag-mcp-1              | INFO:     127.0.0.1:50926 - "GET /health HTTP/1.1" 200 OK
ragflow-1              | 2026-07-01 16:20:04,672 INFO     54 set_progress(a3f22eb8755111f1bae7d1f984470c7d), progress: 0.2041666666666667, progress_msg: 16:20:04 Page(61~65): [MinerU] task_id=39b89f91-d70a-4e7e-98e8-4e291d35d00f status=processing
rag-mcp-1              | INFO:     172.20.0.5:53610 - "GET /health HTTP/1.1" 200 OK
gatus-1                | 2026/07/01 16:20:04 [watchdog.executeEndpoint] Monitored group=nuc25 — Web Tools; endpoint=RAG-MCP; key=nuc25-—-web-tools_rag-mcp; success=true; errors=0; duration=3ms
gatus-1                | 2026/07/01 16:20:04 [watchdog.executeEndpoint] Monitored group=nuc25 — Observability; endpoint=Langfuse; key=nuc25-—-observability_langfuse; success=true; errors=0; duration=16ms
paddleocr-1            | INFO:     172.20.0.5:40722 - "GET /health HTTP/1.1" 503 Service Unavailable
gatus-1                | 2026/07/01 16:20:05 [watchdog.executeEndpoint] Monitored group=nuc25 — Observability; endpoint=PaddleOCR; key=nuc25-—-observability_paddleocr; success=false; errors=0; duration=34ms
gatus-1                | 2026/07/01 16:20:05 [watchdog.handleAlertsToTrigger] Sending ntfy alert because alert for endpoint with key=nuc25-—-observability_paddleocr with description='' has been TRIGGERED
gatus-1                | 2026/07/01 16:20:05 [watchdog.handleAlertsToTrigger] Sending initial ntfy alert because alert for endpoint=PaddleOCR with description='' has been TRIGGERED
gatus-1                | 2026/07/01 16:20:05 [watchdog.executeEndpoint] Monitored group=nuc25 — Apps; endpoint=Nextcloud; key=nuc25-—-apps_nextcloud; success=true; errors=0; duration=32ms
gatus-1                | 2026/07/01 16:20:05 [watchdog.executeEndpoint] Monitored group=nuc25 — Apps; endpoint=Paperless-ngx; key=nuc25-—-apps_paperless-ngx; success=true; errors=0; duration=40ms
gatus-1                | 2026/07/01 16:20:05 [watchdog.executeEndpoint] Monitored group=macstudio — ML Services; endpoint=apple-on-device-openai; key=macstudio-—-ml-services_apple-on-device-openai; success=true; errors=0; duration=2ms
gatus-1                | 2026/07/01 16:20:06 [watchdog.executeEndpoint] Monitored group=macstudio — ML Services; endpoint=tp42 PaddleOCR backend; key=macstudio-—-ml-services_tp42-paddleocr-backend; success=false; errors=1; duration=15ms
gatus-1                | 2026/07/01 16:20:06 [watchdog.handleAlertsToTrigger] Sending ntfy alert because alert for endpoint with key=macstudio-—-ml-services_tp42-paddleocr-backend with description='' has been TRIGGERED
gatus-1                | 2026/07/01 16:20:06 [watchdog.handleAlertsToTrigger] Sending initial ntfy alert because alert for endpoint=tp42 PaddleOCR backend with description='' has been TRIGGERED
gatus-1                | 2026/07/01 16:20:06 [watchdog.executeEndpoint] Monitored group=macstudio — ML Services; endpoint=MinerU API server; key=macstudio-—-ml-services_mineru-api-server; success=true; errors=0; duration=2ms
gatus-1                | 2026/07/01 16:20:06 [watchdog.executeEndpoint] Monitored group=macstudio — ML Services; endpoint=Infinity (Embedding/Rerank); key=macstudio-—-ml-services_infinity-(embedding-rerank); success=true; errors=0; duration=3ms
gatus-1                | 2026/07/01 16:20:06 [watchdog.executeEndpoint] Monitored group=macstudio — System Health; endpoint=macstudio Memory Pressure; key=macstudio-—-system-health_macstudio-memory-pressure; success=true; errors=0; duration=18ms
gatus-1                | 2026/07/01 16:20:07 [watchdog.executeEndpoint] Monitored group=macstudio — ML Services; endpoint=Wyoming Whisper; key=macstudio-—-ml-services_wyoming-whisper; success=true; errors=0; duration=1ms
infinity-1             | [14:20:12.688] [246] [info] Optimize all indexes begin ts: 7013
spider-local-1         | INFO:     127.0.0.1:40060 - "GET /health HTTP/1.1" 200 OK
paddleocr-1            | INFO:     127.0.0.1:40066 - "GET /health HTTP/1.1" 503 Service Unavailable
rag-mcp-1              | INFO:     127.0.0.1:40078 - "GET /health HTTP/1.1" 200 OK
tailscale-1            | 2026/07/01 14:20:18 localapi: [POST] /localapi/v0/debug
infinity-1             | [14:20:22.689] [246] [info] Optimize all indexes begin ts: 7013
spider-local-1         | INFO:     127.0.0.1:44852 - "GET /health HTTP/1.1" 200 OK
paddleocr-1            | INFO:     127.0.0.1:44860 - "GET /health HTTP/1.1" 503 Service Unavailable
rag-mcp-1              | INFO:     127.0.0.1:44872 - "GET /health HTTP/1.1" 200 OK
gatus-1                | 2026/07/01 16:20:26 [watchdog.executeEndpoint] Monitored group=macstudio — ML Services; endpoint=Unsloth Studio; key=macstudio-—-ml-services_unsloth-studio; success=false; errors=1; duration=10.003s
gatus-1                | 2026/07/01 16:20:26 [watchdog.handleAlertsToTrigger] Sending initial ntfy alert because alert for endpoint=Unsloth Studio with description='' has been TRIGGERED
gatus-1                | 2026/07/01 16:20:26 [watchdog.handleAlertsToTrigger] Sending ntfy alert because alert for endpoint with key=macstudio-—-ml-services_unsloth-studio with description='' has been TRIGGERED
infinity-1             | [14:20:32.689] [248] [info] Trigger periodic checkpoint, after 30 seconds
infinity-1             | [14:20:32.690] [244] [info] checkpoint ts: 7013, txn: 76454
infinity-1             | [14:20:32.690] [246] [info] Optimize all indexes begin ts: 7013
infinity-1             | [14:20:32.690] [244] [info] PersistenceManager::CheckValid part 1: 0.330779 ms, part2: 0.001136 ms
infinity-1             | [14:20:32.691] [238] [info] Checkpoint begin at 7013, cur txn commit_ts: 7014, txn_id: 76454, swap to new wal file
infinity-1             | [14:20:32.691] [238] [info] Wal /var/infinity/wal/wal.log swap to new path: /var/infinity/wal/wal.log.7012, error_if_duplicate: true
infinity-1             | [14:20:32.691] [238] [info] Open new wal file /var/infinity/wal/wal.log
gatus-1                | 2026/07/01 16:20:33 [watchdog.executeEndpoint] Monitored group=nuc25 — RAG Core; endpoint=RAGFlow; key=nuc25-—-rag-core_ragflow; success=true; errors=0; duration=1ms
gatus-1                | 2026/07/01 16:20:33 [watchdog.executeEndpoint] Monitored group=nuc25 — RAG Core; endpoint=Infinity (vector DB); key=nuc25-—-rag-core_infinity-(vector-db); success=true; errors=0; duration=1ms
gatus-1                | 2026/07/01 16:20:33 [watchdog.executeEndpoint] Monitored group=nuc25 — RAG Core; endpoint=MySQL; key=nuc25-—-rag-core_mysql; success=true; errors=0; duration=1ms
tailscale-1            | 2026/07/01 14:20:33 localapi: [POST] /localapi/v0/debug
gatus-1                | 2026/07/01 16:20:33 [watchdog.executeEndpoint] Monitored group=nuc25 — RAG Core; endpoint=MinIO (RAGFlow); key=nuc25-—-rag-core_minio-(ragflow); success=true; errors=0; duration=0s
gatus-1                | 2026/07/01 16:20:34 [watchdog.executeEndpoint] Monitored group=nuc25 — RAG Core; endpoint=Redis (RAGFlow); key=nuc25-—-rag-core_redis-(ragflow); success=true; errors=0; duration=1ms
spider-local-1         | INFO:     127.0.0.1:37556 - "GET /health HTTP/1.1" 200 OK
ragflow-1              | 2026-07-01 16:20:34,744 INFO     54 set_progress(a3f22eb8755111f1bae7d1f984470c7d), progress: 0.20833333333333334, progress_msg: 16:20:34 Page(61~65): [MinerU] task_id=39b89f91-d70a-4e7e-98e8-4e291d35d00f status=processing
paddleocr-1            | INFO:     127.0.0.1:37570 - "GET /health HTTP/1.1" 503 Service Unavailable
rag-mcp-1              | INFO:     127.0.0.1:37586 - "GET /health HTTP/1.1" 200 OK
infinity-1             | [14:20:42.691] [246] [info] Optimize all indexes begin ts: 7015
spider-local-1         | INFO:     127.0.0.1:42414 - "GET /health HTTP/1.1" 200 OK
paddleocr-1            | INFO:     127.0.0.1:42416 - "GET /health HTTP/1.1" 503 Service Unavailable
rag-mcp-1              | INFO:     127.0.0.1:42424 - "GET /health HTTP/1.1" 200 OK
tailscale-1            | 2026/07/01 14:20:48 localapi: [POST] /localapi/v0/debug
